// Jest Snapshot v1, https://goo.gl/fbAQLP

exports[`Nav matches the Nav snapshot 1`] = `
<h2>
  Office Dashboard
</h2>
`;
